#!	iverilog -f
#
# test bench
test.v
#
# top module
../top/tsoc117mn0408.v
#../top/nsoc113md0816.v
#../top/nhoc113lb4408.v
#../top/msoc115ls0808.v
#../top/mcoc115cp0408.v
#
#../top/msoc115dc0416.v
#../top/mcoc115dc0416.v
#
# RTL
../top/mcoc_comn.v
../top/rom_boot_mat.v
../top/rom_boot_mat32.v
../top/rom_boot_mat_ts.v
#
# IP module
../ip/adc124.ip.v
../ip/busc2040dl.ip.v
../ip/cache2w4k.ip.v
../ip/dac121.ip.v
../ip/distus.ip.v
../ip/divc32.ip.v
../ip/fontjp.ip.v
../ip/halfpu.ip.v
../ip/icff16.ip.v
../ip/intc322dvl.ip.v
../ip/iomem16.ip.v
../ip/iram_wrapd.ip.v
../ip/loga8ch.ip.v
../ip/moscovium.ip.v
../ip/moscoviumss.ip.v
../ip/mulc16.ip.v
../ip/nihonium.ip.v
../ip/nihoniumss.ip.v
../ip/port8i8o.ip.v
../ip/ram_wrap32.ip.v
../ip/rom_wrap32d.ip.v
../ip/rtc400_sub.ip.v
../ip/rtc400_sys.ip.v
../ip/sdramc8m.ip.v
../ip/semph5r12u.ip.v
../ip/sglfpu.ip.v
../ip/stwmst.ip.v
../ip/stwslv.ip.v
../ip/systim.ip.v
../ip/tennessine.ip.v
../ip/tim162.ip.v
../ip/uart8n1.ip.v
../ip/unisji.ip.v
#
# Anlogic IP module
../al_ip/adc_afe.v
../al_ip/adc_pll16m.v
../al_ip/cch_datary.v
../al_ip/fnjp_rom.v
../al_ip/hfpu_dsp11_sim.v
../al_ip/icff_fifo_sim.v
../al_ip/loga_fifo_dat_sim.v
../al_ip/loga_fifo_tck_sim.v
../al_ip/mulc_dsp16_sim.v
../al_ip/niho_mul_dsp_sim.v
../al_ip/ram16kbd_mat.v
../al_ip/ram4kbd_mat.v
../al_ip/ram4ki_mat.v
../al_ip/ram4kib_mat.v
../al_ip/ram8kbd_mat.v
../al_ip/ram8kl_mat.v
../al_ip/sdc_pll_sim.v
../al_ip/sdc_sdram.v
../al_ip/sfpu_dsp24_sim.v
../al_ip/uart_rx_fifo_sim.v
../al_ip/unsj_rom.v
#
# Anlogic cell library
../../LIBAL/al/al_map_adder.v
../../LIBAL/al/al_map_alu2b.v
../../LIBAL/al/al_map_basic.v
../../LIBAL/al/al_map_lut.v
../../LIBAL/al/al_map_mult.v
../../LIBAL/al/al_map_mux4.v
../../LIBAL/al/al_map_seq.v
../../LIBAL/al/al_phy_mult18.v
../../LIBAL/eg/eg_logic_bram.v
../../LIBAL/eg/eg_logic_clk.v
../../LIBAL/eg/eg_logic_config.v
../../LIBAL/eg/eg_logic_dram16x4.v
../../LIBAL/eg/eg_phy_adc.v
../../LIBAL/eg/eg_phy_clk.v
../../LIBAL/eg/eg_phy_config.v
../../LIBAL/eg/eg_phy_csb.v
../../LIBAL/eg/eg_phy_dff.v
../../LIBAL/eg/eg_phy_fifo.v
../../LIBAL/eg/eg_phy_glbl.v
../../LIBAL/eg/eg_phy_lslice.v
../../LIBAL/eg/eg_phy_mslice.v
../../LIBAL/eg/eg_phy_mult18.v
../../LIBAL/eg/eg_phy_pll.v
../../LIBAL/eg/eg_phy_sdram_2m_32.v

